Debug Actual codel length: 1
Debug (1,0) push 1
Debug (4,0) duplicate
Debug (5,0) push 1
Debug (6,0) push 11
Debug (7,0) multiply
Debug (8,0) push 4
Debug (9,0) add
Debug (10,0) mod
Debug (11,0) not
Debug (12,0) pointer DPRight
Debug (15,0) duplicate
Debug (16,0) push 3
Debug (17,0) mod
Debug (18,0) not
Debug (19,0) pointer DPRight
Debug (22,0) duplicate
Debug (23,0) push 5
Debug (24,0) mod
Debug (25,0) not
Debug (26,0) pointer DPRight
Debug (29,0) duplicate
Debug (30,0) out_number
Debug (31,0) push 10
Debug (32,0) out_char
Debug (35,0) push 1
Debug (36,0) add
Debug (37,0) duplicate
Debug (38,0) push 1
Debug (39,0) push 11
Debug (40,0) multiply
Debug (41,0) push 5
Debug (42,0) add
Debug (43,0) greater
Debug (44,0) not
Debug (45,0) pointer DPRight
Debug (4,0) duplicate
Debug (5,0) push 1
Debug (6,0) push 11
Debug (7,0) multiply
Debug (8,0) push 4
Debug (9,0) add
Debug (10,0) mod
Debug (11,0) not
Debug (12,0) pointer DPRight
Debug (15,0) duplicate
Debug (16,0) push 3
Debug (17,0) mod
Debug (18,0) not
Debug (19,0) pointer DPRight
Debug (22,0) duplicate
Debug (23,0) push 5
Debug (24,0) mod
Debug (25,0) not
Debug (26,0) pointer DPRight
Debug (29,0) duplicate
Debug (30,0) out_number
Debug (31,0) push 10
Debug (32,0) out_char
Debug (35,0) push 1
Debug (36,0) add
Debug (37,0) duplicate
Debug (38,0) push 1
Debug (39,0) push 11
Debug (40,0) multiply
Debug (41,0) push 5
Debug (42,0) add
Debug (43,0) greater
Debug (44,0) not
Debug (45,0) pointer DPRight
Debug (4,0) duplicate
Debug (5,0) push 1
Debug (6,0) push 11
Debug (7,0) multiply
Debug (8,0) push 4
Debug (9,0) add
Debug (10,0) mod
Debug (11,0) not
Debug (12,0) pointer DPRight
Debug (15,0) duplicate
Debug (16,0) push 3
Debug (17,0) mod
Debug (18,0) not
Debug (19,0) pointer DPRight
Debug (20,28) push 11
Debug (20,29) push 11
Debug (20,30) multiply
Debug (20,31) push 1
Debug (20,32) add
Debug (20,33) push 11
Debug (20,34) push 11
Debug (20,35) multiply
Debug (20,36) push 1
Debug (20,37) add
Debug (20,38) push 9
Debug (20,39) push 11
Debug (20,40) multiply
Debug (20,41) push 6
Debug (20,42) add
Debug (20,43) push 6
Debug (20,44) push 11
Debug (20,45) multiply
Debug (20,46) push 4
Debug (20,47) add
Debug (20,48) push 4
Debug (20,49) duplicate
Debug (20,52) not
Debug (20,53) pointer DPDown
Debug (20,56) push 2
Debug (20,57) push 1
Debug (20,58) roll
Debug (20,59) out_char
Debug (20,60) push 1
Debug (20,61) subtract
Debug (20,62) push 1
Debug (20,63) pointer DPDown
Debug (19,63) duplicate
Debug (20,52) not
Debug (20,53) pointer DPDown
Debug (20,56) push 2
Debug (20,57) push 1
Debug (20,58) roll
Debug (20,59) out_char
Debug (20,60) push 1
Debug (20,61) subtract
Debug (20,62) push 1
Debug (20,63) pointer DPDown
Debug (19,63) duplicate
Debug (20,52) not
Debug (20,53) pointer DPDown
Debug (20,56) push 2
Debug (20,57) push 1
Debug (20,58) roll
Debug (20,59) out_char
Debug (20,60) push 1
Debug (20,61) subtract
Debug (20,62) push 1
Debug (20,63) pointer DPDown
Debug (19,63) duplicate
Debug (20,52) not
Debug (20,53) pointer DPDown
Debug (20,56) push 2
Debug (20,57) push 1
Debug (20,58) roll
Debug (20,59) out_char
Debug (20,60) push 1
Debug (20,61) subtract
Debug (20,62) push 1
Debug (20,63) pointer DPDown
Debug (19,63) duplicate
Debug (20,52) not
Debug (20,53) pointer DPDown
Debug (19,53) pop
Debug (12,53) push 3
Debug (8,53) pointer DPLeft
Debug (20,67) push 10
Debug (20,68) out_char
Debug (20,69) push 1
Debug (20,70) pointer DPDown
Debug (35,0) push 1
Debug (36,0) add
Debug (37,0) duplicate
Debug (38,0) push 1
Debug (39,0) push 11
Debug (40,0) multiply
Debug (41,0) push 5
Debug (42,0) add
Debug (43,0) greater
Debug (44,0) not
Debug (45,0) pointer DPRight
Debug (4,0) duplicate
Debug (5,0) push 1
Debug (6,0) push 11
Debug (7,0) multiply
Debug (8,0) push 4
Debug (9,0) add
Debug (10,0) mod
Debug (11,0) not
Debug (12,0) pointer DPRight
Debug (15,0) duplicate
Debug (16,0) push 3
Debug (17,0) mod
Debug (18,0) not
Debug (19,0) pointer DPRight
Debug (22,0) duplicate
Debug (23,0) push 5
Debug (24,0) mod
Debug (25,0) not
Debug (26,0) pointer DPRight
Debug (29,0) duplicate
Debug (30,0) out_number
Debug (31,0) push 10
Debug (32,0) out_char
Debug (35,0) push 1
Debug (36,0) add
Debug (37,0) duplicate
Debug (38,0) push 1
Debug (39,0) push 11
Debug (40,0) multiply
Debug (41,0) push 5
Debug (42,0) add
Debug (43,0) greater
Debug (44,0) not
Debug (45,0) pointer DPRight
Debug (4,0) duplicate
Debug (5,0) push 1
Debug (6,0) push 11
Debug (7,0) multiply
Debug (8,0) push 4
Debug (9,0) add
Debug (10,0) mod
Debug (11,0) not
Debug (12,0) pointer DPRight
Debug (15,0) duplicate
Debug (16,0) push 3
Debug (17,0) mod
Debug (18,0) not
Debug (19,0) pointer DPRight
Debug (22,0) duplicate
Debug (23,0) push 5
Debug (24,0) mod
Debug (25,0) not
Debug (26,0) pointer DPRight
Debug (41,28) push 11
Debug (41,29) push 11
Debug (41,30) multiply
Debug (41,31) push 1
Debug (41,32) add
Debug (41,33) push 11
Debug (41,34) push 11
Debug (41,35) multiply
Debug (41,36) push 1
Debug (41,37) add
Debug (41,38) push 10
Debug (41,39) push 11
Debug (41,40) multiply
Debug (41,41) push 7
Debug (41,42) add
Debug (41,43) push 6
Debug (41,44) push 11
Debug (41,45) multiply
Debug (41,46) push 4
Debug (41,47) duplicate
Debug (41,50) not
Debug (41,51) pointer DPDown
Debug (41,54) push 2
Debug (41,55) push 1
Debug (41,56) roll
Debug (41,57) out_char
Debug (41,58) push 1
Debug (41,59) subtract
Debug (41,60) push 1
Debug (41,61) pointer DPDown
Debug (40,61) duplicate
Debug (41,50) not
Debug (41,51) pointer DPDown
Debug (41,54) push 2
Debug (41,55) push 1
Debug (41,56) roll
Debug (41,57) out_char
Debug (41,58) push 1
Debug (41,59) subtract
Debug (41,60) push 1
Debug (41,61) pointer DPDown
Debug (40,61) duplicate
Debug (41,50) not
Debug (41,51) pointer DPDown
Debug (41,54) push 2
Debug (41,55) push 1
Debug (41,56) roll
Debug (41,57) out_char
Debug (41,58) push 1
Debug (41,59) subtract
Debug (41,60) push 1
Debug (41,61) pointer DPDown
Debug (40,61) duplicate
Debug (41,50) not
Debug (41,51) pointer DPDown
Debug (41,54) push 2
Debug (41,55) push 1
Debug (41,56) roll
Debug (41,57) out_char
Debug (41,58) push 1
Debug (41,59) subtract
Debug (41,60) push 1
Debug (41,61) pointer DPDown
Debug (40,61) duplicate
Debug (41,50) not
Debug (41,51) pointer DPDown
Debug (40,51) pop
Debug (33,51) push 3
Debug (29,51) pointer DPLeft
Debug (41,65) push 10
Debug (41,66) out_char
Debug (41,67) push 1
Debug (41,68) pointer DPDown
Debug (35,0) push 1
Debug (36,0) add
Debug (37,0) duplicate
Debug (38,0) push 1
Debug (39,0) push 11
Debug (40,0) multiply
Debug (41,0) push 5
Debug (42,0) add
Debug (43,0) greater
Debug (44,0) not
Debug (45,0) pointer DPRight
Debug (4,0) duplicate
Debug (5,0) push 1
Debug (6,0) push 11
Debug (7,0) multiply
Debug (8,0) push 4
Debug (9,0) add
Debug (10,0) mod
Debug (11,0) not
Debug (12,0) pointer DPRight
Debug (15,0) duplicate
Debug (16,0) push 3
Debug (17,0) mod
Debug (18,0) not
Debug (19,0) pointer DPRight
Debug (20,28) push 11
Debug (20,29) push 11
Debug (20,30) multiply
Debug (20,31) push 1
Debug (20,32) add
Debug (20,33) push 11
Debug (20,34) push 11
Debug (20,35) multiply
Debug (20,36) push 1
Debug (20,37) add
Debug (20,38) push 9
Debug (20,39) push 11
Debug (20,40) multiply
Debug (20,41) push 6
Debug (20,42) add
Debug (20,43) push 6
Debug (20,44) push 11
Debug (20,45) multiply
Debug (20,46) push 4
Debug (20,47) add
Debug (20,48) push 4
Debug (20,49) duplicate
Debug (20,52) not
Debug (20,53) pointer DPDown
Debug (20,56) push 2
Debug (20,57) push 1
Debug (20,58) roll
Debug (20,59) out_char
Debug (20,60) push 1
Debug (20,61) subtract
Debug (20,62) push 1
Debug (20,63) pointer DPDown
Debug (19,63) duplicate
Debug (20,52) not
Debug (20,53) pointer DPDown
Debug (20,56) push 2
Debug (20,57) push 1
Debug (20,58) roll
Debug (20,59) out_char
Debug (20,60) push 1
Debug (20,61) subtract
Debug (20,62) push 1
Debug (20,63) pointer DPDown
Debug (19,63) duplicate
Debug (20,52) not
Debug (20,53) pointer DPDown
Debug (20,56) push 2
Debug (20,57) push 1
Debug (20,58) roll
Debug (20,59) out_char
Debug (20,60) push 1
Debug (20,61) subtract
Debug (20,62) push 1
Debug (20,63) pointer DPDown
Debug (19,63) duplicate
Debug (20,52) not
Debug (20,53) pointer DPDown
Debug (20,56) push 2
Debug (20,57) push 1
Debug (20,58) roll
Debug (20,59) out_char
Debug (20,60) push 1
Debug (20,61) subtract
Debug (20,62) push 1
Debug (20,63) pointer DPDown
Debug (19,63) duplicate
Debug (20,52) not
Debug (20,53) pointer DPDown
Debug (19,53) pop
Debug (12,53) push 3
Debug (8,53) pointer DPLeft
Debug (20,67) push 10
Debug (20,68) out_char
Debug (20,69) push 1
Debug (20,70) pointer DPDown
Debug (35,0) push 1
Debug (36,0) add
Debug (37,0) duplicate
Debug (38,0) push 1
Debug (39,0) push 11
Debug (40,0) multiply
Debug (41,0) push 5
Debug (42,0) add
Debug (43,0) greater
Debug (44,0) not
Debug (45,0) pointer DPRight
Debug (4,0) duplicate
Debug (5,0) push 1
Debug (6,0) push 11
Debug (7,0) multiply
Debug (8,0) push 4
Debug (9,0) add
Debug (10,0) mod
Debug (11,0) not
Debug (12,0) pointer DPRight
Debug (15,0) duplicate
Debug (16,0) push 3
Debug (17,0) mod
Debug (18,0) not
Debug (19,0) pointer DPRight
Debug (22,0) duplicate
Debug (23,0) push 5
Debug (24,0) mod
Debug (25,0) not
Debug (26,0) pointer DPRight
Debug (29,0) duplicate
Debug (30,0) out_number
Debug (31,0) push 10
Debug (32,0) out_char
Debug (35,0) push 1
Debug (36,0) add
Debug (37,0) duplicate
Debug (38,0) push 1
Debug (39,0) push 11
Debug (40,0) multiply
Debug (41,0) push 5
Debug (42,0) add
Debug (43,0) greater
Debug (44,0) not
Debug (45,0) pointer DPRight
Debug (4,0) duplicate
Debug (5,0) push 1
Debug (6,0) push 11
Debug (7,0) multiply
Debug (8,0) push 4
Debug (9,0) add
Debug (10,0) mod
Debug (11,0) not
Debug (12,0) pointer DPRight
Debug (15,0) duplicate
Debug (16,0) push 3
Debug (17,0) mod
Debug (18,0) not
Debug (19,0) pointer DPRight
Debug (22,0) duplicate
Debug (23,0) push 5
Debug (24,0) mod
Debug (25,0) not
Debug (26,0) pointer DPRight
Debug (29,0) duplicate
Debug (30,0) out_number
Debug (31,0) push 10
Debug (32,0) out_char
Debug (35,0) push 1
Debug (36,0) add
Debug (37,0) duplicate
Debug (38,0) push 1
Debug (39,0) push 11
Debug (40,0) multiply
Debug (41,0) push 5
Debug (42,0) add
Debug (43,0) greater
Debug (44,0) not
Debug (45,0) pointer DPRight
Debug (4,0) duplicate
Debug (5,0) push 1
Debug (6,0) push 11
Debug (7,0) multiply
Debug (8,0) push 4
Debug (9,0) add
Debug (10,0) mod
Debug (11,0) not
Debug (12,0) pointer DPRight
Debug (15,0) duplicate
Debug (16,0) push 3
Debug (17,0) mod
Debug (18,0) not
Debug (19,0) pointer DPRight
Debug (20,28) push 11
Debug (20,29) push 11
Debug (20,30) multiply
Debug (20,31) push 1
Debug (20,32) add
Debug (20,33) push 11
Debug (20,34) push 11
Debug (20,35) multiply
Debug (20,36) push 1
Debug (20,37) add
Debug (20,38) push 9
Debug (20,39) push 11
Debug (20,40) multiply
Debug (20,41) push 6
Debug (20,42) add
Debug (20,43) push 6
Debug (20,44) push 11
Debug (20,45) multiply
Debug (20,46) push 4
Debug (20,47) add
Debug (20,48) push 4
Debug (20,49) duplicate
Debug (20,52) not
Debug (20,53) pointer DPDown
Debug (20,56) push 2
Debug (20,57) push 1
Debug (20,58) roll
Debug (20,59) out_char
Debug (20,60) push 1
Debug (20,61) subtract
Debug (20,62) push 1
Debug (20,63) pointer DPDown
Debug (19,63) duplicate
Debug (20,52) not
Debug (20,53) pointer DPDown
Debug (20,56) push 2
Debug (20,57) push 1
Debug (20,58) roll
Debug (20,59) out_char
Debug (20,60) push 1
Debug (20,61) subtract
Debug (20,62) push 1
Debug (20,63) pointer DPDown
Debug (19,63) duplicate
Debug (20,52) not
Debug (20,53) pointer DPDown
Debug (20,56) push 2
Debug (20,57) push 1
Debug (20,58) roll
Debug (20,59) out_char
Debug (20,60) push 1
Debug (20,61) subtract
Debug (20,62) push 1
Debug (20,63) pointer DPDown
Debug (19,63) duplicate
Debug (20,52) not
Debug (20,53) pointer DPDown
Debug (20,56) push 2
Debug (20,57) push 1
Debug (20,58) roll
Debug (20,59) out_char
Debug (20,60) push 1
Debug (20,61) subtract
Debug (20,62) push 1
Debug (20,63) pointer DPDown
Debug (19,63) duplicate
Debug (20,52) not
Debug (20,53) pointer DPDown
Debug (19,53) pop
Debug (12,53) push 3
Debug (8,53) pointer DPLeft
Debug (20,67) push 10
Debug (20,68) out_char
Debug (20,69) push 1
Debug (20,70) pointer DPDown
Debug (35,0) push 1
Debug (36,0) add
Debug (37,0) duplicate
Debug (38,0) push 1
Debug (39,0) push 11
Debug (40,0) multiply
Debug (41,0) push 5
Debug (42,0) add
Debug (43,0) greater
Debug (44,0) not
Debug (45,0) pointer DPRight
Debug (4,0) duplicate
Debug (5,0) push 1
Debug (6,0) push 11
Debug (7,0) multiply
Debug (8,0) push 4
Debug (9,0) add
Debug (10,0) mod
Debug (11,0) not
Debug (12,0) pointer DPRight
Debug (15,0) duplicate
Debug (16,0) push 3
Debug (17,0) mod
Debug (18,0) not
Debug (19,0) pointer DPRight
Debug (22,0) duplicate
Debug (23,0) push 5
Debug (24,0) mod
Debug (25,0) not
Debug (26,0) pointer DPRight
Debug (41,28) push 11
Debug (41,29) push 11
Debug (41,30) multiply
Debug (41,31) push 1
Debug (41,32) add
Debug (41,33) push 11
Debug (41,34) push 11
Debug (41,35) multiply
Debug (41,36) push 1
Debug (41,37) add
Debug (41,38) push 10
Debug (41,39) push 11
Debug (41,40) multiply
Debug (41,41) push 7
Debug (41,42) add
Debug (41,43) push 6
Debug (41,44) push 11
Debug (41,45) multiply
Debug (41,46) push 4
Debug (41,47) duplicate
Debug (41,50) not
Debug (41,51) pointer DPDown
Debug (41,54) push 2
Debug (41,55) push 1
Debug (41,56) roll
Debug (41,57) out_char
Debug (41,58) push 1
Debug (41,59) subtract
Debug (41,60) push 1
Debug (41,61) pointer DPDown
Debug (40,61) duplicate
Debug (41,50) not
Debug (41,51) pointer DPDown
Debug (41,54) push 2
Debug (41,55) push 1
Debug (41,56) roll
Debug (41,57) out_char
Debug (41,58) push 1
Debug (41,59) subtract
Debug (41,60) push 1
Debug (41,61) pointer DPDown
Debug (40,61) duplicate
Debug (41,50) not
Debug (41,51) pointer DPDown
Debug (41,54) push 2
Debug (41,55) push 1
Debug (41,56) roll
Debug (41,57) out_char
Debug (41,58) push 1
Debug (41,59) subtract
Debug (41,60) push 1
Debug (41,61) pointer DPDown
Debug (40,61) duplicate
Debug (41,50) not
Debug (41,51) pointer DPDown
Debug (41,54) push 2
Debug (41,55) push 1
Debug (41,56) roll
Debug (41,57) out_char
Debug (41,58) push 1
Debug (41,59) subtract
Debug (41,60) push 1
Debug (41,61) pointer DPDown
Debug (40,61) duplicate
Debug (41,50) not
Debug (41,51) pointer DPDown
Debug (40,51) pop
Debug (33,51) push 3
Debug (29,51) pointer DPLeft
Debug (41,65) push 10
Debug (41,66) out_char
Debug (41,67) push 1
Debug (41,68) pointer DPDown
Debug (35,0) push 1
Debug (36,0) add
Debug (37,0) duplicate
Debug (38,0) push 1
Debug (39,0) push 11
Debug (40,0) multiply
Debug (41,0) push 5
Debug (42,0) add
Debug (43,0) greater
Debug (44,0) not
Debug (45,0) pointer DPRight
Debug (4,0) duplicate
Debug (5,0) push 1
Debug (6,0) push 11
Debug (7,0) multiply
Debug (8,0) push 4
Debug (9,0) add
Debug (10,0) mod
Debug (11,0) not
Debug (12,0) pointer DPRight
Debug (15,0) duplicate
Debug (16,0) push 3
Debug (17,0) mod
Debug (18,0) not
Debug (19,0) pointer DPRight
Debug (22,0) duplicate
Debug (23,0) push 5
Debug (24,0) mod
Debug (25,0) not
Debug (26,0) pointer DPRight
Debug (29,0) duplicate
Debug (30,0) out_number
Debug (31,0) push 10
Debug (32,0) out_char
Debug (35,0) push 1
Debug (36,0) add
Debug (37,0) duplicate
Debug (38,0) push 1
Debug (39,0) push 11
Debug (40,0) multiply
Debug (41,0) push 5
Debug (42,0) add
Debug (43,0) greater
Debug (44,0) not
Debug (45,0) pointer DPRight
Debug (4,0) duplicate
Debug (5,0) push 1
Debug (6,0) push 11
Debug (7,0) multiply
Debug (8,0) push 4
Debug (9,0) add
Debug (10,0) mod
Debug (11,0) not
Debug (12,0) pointer DPRight
Debug (15,0) duplicate
Debug (16,0) push 3
Debug (17,0) mod
Debug (18,0) not
Debug (19,0) pointer DPRight
Debug (20,28) push 11
Debug (20,29) push 11
Debug (20,30) multiply
Debug (20,31) push 1
Debug (20,32) add
Debug (20,33) push 11
Debug (20,34) push 11
Debug (20,35) multiply
Debug (20,36) push 1
Debug (20,37) add
Debug (20,38) push 9
Debug (20,39) push 11
Debug (20,40) multiply
Debug (20,41) push 6
Debug (20,42) add
Debug (20,43) push 6
Debug (20,44) push 11
Debug (20,45) multiply
Debug (20,46) push 4
Debug (20,47) add
Debug (20,48) push 4
Debug (20,49) duplicate
Debug (20,52) not
Debug (20,53) pointer DPDown
Debug (20,56) push 2
Debug (20,57) push 1
Debug (20,58) roll
Debug (20,59) out_char
Debug (20,60) push 1
Debug (20,61) subtract
Debug (20,62) push 1
Debug (20,63) pointer DPDown
Debug (19,63) duplicate
Debug (20,52) not
Debug (20,53) pointer DPDown
Debug (20,56) push 2
Debug (20,57) push 1
Debug (20,58) roll
Debug (20,59) out_char
Debug (20,60) push 1
Debug (20,61) subtract
Debug (20,62) push 1
Debug (20,63) pointer DPDown
Debug (19,63) duplicate
Debug (20,52) not
Debug (20,53) pointer DPDown
Debug (20,56) push 2
Debug (20,57) push 1
Debug (20,58) roll
Debug (20,59) out_char
Debug (20,60) push 1
Debug (20,61) subtract
Debug (20,62) push 1
Debug (20,63) pointer DPDown
Debug (19,63) duplicate
Debug (20,52) not
Debug (20,53) pointer DPDown
Debug (20,56) push 2
Debug (20,57) push 1
Debug (20,58) roll
Debug (20,59) out_char
Debug (20,60) push 1
Debug (20,61) subtract
Debug (20,62) push 1
Debug (20,63) pointer DPDown
Debug (19,63) duplicate
Debug (20,52) not
Debug (20,53) pointer DPDown
Debug (19,53) pop
Debug (12,53) push 3
Debug (8,53) pointer DPLeft
Debug (20,67) push 10
Debug (20,68) out_char
Debug (20,69) push 1
Debug (20,70) pointer DPDown
Debug (35,0) push 1
Debug (36,0) add
Debug (37,0) duplicate
Debug (38,0) push 1
Debug (39,0) push 11
Debug (40,0) multiply
Debug (41,0) push 5
Debug (42,0) add
Debug (43,0) greater
Debug (44,0) not
Debug (45,0) pointer DPRight
Debug (4,0) duplicate
Debug (5,0) push 1
Debug (6,0) push 11
Debug (7,0) multiply
Debug (8,0) push 4
Debug (9,0) add
Debug (10,0) mod
Debug (11,0) not
Debug (12,0) pointer DPRight
Debug (15,0) duplicate
Debug (16,0) push 3
Debug (17,0) mod
Debug (18,0) not
Debug (19,0) pointer DPRight
Debug (22,0) duplicate
Debug (23,0) push 5
Debug (24,0) mod
Debug (25,0) not
Debug (26,0) pointer DPRight
Debug (29,0) duplicate
Debug (30,0) out_number
Debug (31,0) push 10
Debug (32,0) out_char
Debug (35,0) push 1
Debug (36,0) add
Debug (37,0) duplicate
Debug (38,0) push 1
Debug (39,0) push 11
Debug (40,0) multiply
Debug (41,0) push 5
Debug (42,0) add
Debug (43,0) greater
Debug (44,0) not
Debug (45,0) pointer DPRight
Debug (4,0) duplicate
Debug (5,0) push 1
Debug (6,0) push 11
Debug (7,0) multiply
Debug (8,0) push 4
Debug (9,0) add
Debug (10,0) mod
Debug (11,0) not
Debug (12,0) pointer DPRight
Debug (15,0) duplicate
Debug (16,0) push 3
Debug (17,0) mod
Debug (18,0) not
Debug (19,0) pointer DPRight
Debug (22,0) duplicate
Debug (23,0) push 5
Debug (24,0) mod
Debug (25,0) not
Debug (26,0) pointer DPRight
Debug (29,0) duplicate
Debug (30,0) out_number
Debug (31,0) push 10
Debug (32,0) out_char
Debug (35,0) push 1
Debug (36,0) add
Debug (37,0) duplicate
Debug (38,0) push 1
Debug (39,0) push 11
Debug (40,0) multiply
Debug (41,0) push 5
Debug (42,0) add
Debug (43,0) greater
Debug (44,0) not
Debug (45,0) pointer DPRight
Debug (4,0) duplicate
Debug (5,0) push 1
Debug (6,0) push 11
Debug (7,0) multiply
Debug (8,0) push 4
Debug (9,0) add
Debug (10,0) mod
Debug (11,0) not
Debug (12,0) pointer DPRight
Debug (62,28) push 11
Debug (62,29) push 11
Debug (62,30) multiply
Debug (62,31) push 1
Debug (62,32) add
Debug (62,33) push 11
Debug (62,34) push 11
Debug (62,35) multiply
Debug (62,36) push 1
Debug (62,37) add
Debug (62,38) push 10
Debug (62,39) push 11
Debug (62,40) multiply
Debug (62,41) push 7
Debug (62,42) add
Debug (62,43) push 6
Debug (62,44) push 11
Debug (62,45) multiply
Debug (62,46) push 11
Debug (62,47) push 11
Debug (62,48) multiply
Debug (62,49) push 1
Debug (62,50) add
Debug (62,51) push 11
Debug (62,52) push 11
Debug (62,53) multiply
Debug (62,54) push 1
Debug (62,55) add
Debug (62,56) push 9
Debug (62,57) push 11
Debug (62,58) multiply
Debug (62,59) push 6
Debug (62,60) add
Debug (62,61) push 6
Debug (62,62) push 11
Debug (62,63) multiply
Debug (62,64) push 4
Debug (62,65) add
Debug (62,66) push 8
Debug (62,67) duplicate
Debug (62,70) not
Debug (62,71) pointer DPDown
Debug (62,74) push 2
Debug (62,75) push 1
Debug (62,76) roll
Debug (62,77) out_char
Debug (62,78) push 1
Debug (62,79) subtract
Debug (62,80) push 1
Debug (62,81) pointer DPDown
Debug (61,81) duplicate
Debug (62,70) not
Debug (62,71) pointer DPDown
Debug (62,74) push 2
Debug (62,75) push 1
Debug (62,76) roll
Debug (62,77) out_char
Debug (62,78) push 1
Debug (62,79) subtract
Debug (62,80) push 1
Debug (62,81) pointer DPDown
Debug (61,81) duplicate
Debug (62,70) not
Debug (62,71) pointer DPDown
Debug (62,74) push 2
Debug (62,75) push 1
Debug (62,76) roll
Debug (62,77) out_char
Debug (62,78) push 1
Debug (62,79) subtract
Debug (62,80) push 1
Debug (62,81) pointer DPDown
Debug (61,81) duplicate
Debug (62,70) not
Debug (62,71) pointer DPDown
Debug (62,74) push 2
Debug (62,75) push 1
Debug (62,76) roll
Debug (62,77) out_char
Debug (62,78) push 1
Debug (62,79) subtract
Debug (62,80) push 1
Debug (62,81) pointer DPDown
Debug (61,81) duplicate
Debug (62,70) not
Debug (62,71) pointer DPDown
Debug (62,74) push 2
Debug (62,75) push 1
Debug (62,76) roll
Debug (62,77) out_char
Debug (62,78) push 1
Debug (62,79) subtract
Debug (62,80) push 1
Debug (62,81) pointer DPDown
Debug (61,81) duplicate
Debug (62,70) not
Debug (62,71) pointer DPDown
Debug (62,74) push 2
Debug (62,75) push 1
Debug (62,76) roll
Debug (62,77) out_char
Debug (62,78) push 1
Debug (62,79) subtract
Debug (62,80) push 1
Debug (62,81) pointer DPDown
Debug (61,81) duplicate
Debug (62,70) not
Debug (62,71) pointer DPDown
Debug (62,74) push 2
Debug (62,75) push 1
Debug (62,76) roll
Debug (62,77) out_char
Debug (62,78) push 1
Debug (62,79) subtract
Debug (62,80) push 1
Debug (62,81) pointer DPDown
Debug (61,81) duplicate
Debug (62,70) not
Debug (62,71) pointer DPDown
Debug (62,74) push 2
Debug (62,75) push 1
Debug (62,76) roll
Debug (62,77) out_char
Debug (62,78) push 1
Debug (62,79) subtract
Debug (62,80) push 1
Debug (62,81) pointer DPDown
Debug (61,81) duplicate
Debug (62,70) not
Debug (62,71) pointer DPDown
Debug (61,71) pop
Debug (54,71) push 3
Debug (50,71) pointer DPLeft
Debug (62,85) push 10
Debug (62,86) out_char
Debug (62,87) push 1
Debug (62,88) pointer DPDown
Debug (35,0) push 1
Debug (36,0) add
Debug (37,0) duplicate
Debug (38,0) push 1
Debug (39,0) push 11
Debug (40,0) multiply
Debug (41,0) push 5
Debug (42,0) add
Debug (43,0) greater
Debug (44,0) not
Debug (45,0) pointer DPRight
Debug (4,0) duplicate
Debug (5,0) push 1
Debug (6,0) push 11
Debug (7,0) multiply
Debug (8,0) push 4
Debug (9,0) add
Debug (10,0) mod
Debug (11,0) not
Debug (12,0) pointer DPRight
Debug (15,0) duplicate
Debug (16,0) push 3
Debug (17,0) mod
Debug (18,0) not
Debug (19,0) pointer DPRight
Debug (22,0) duplicate
Debug (23,0) push 5
Debug (24,0) mod
Debug (25,0) not
Debug (26,0) pointer DPRight
Debug (29,0) duplicate
Debug (30,0) out_number
Debug (31,0) push 10
Debug (32,0) out_char
Debug (35,0) push 1
Debug (36,0) add
Debug (37,0) duplicate
Debug (38,0) push 1
Debug (39,0) push 11
Debug (40,0) multiply
Debug (41,0) push 5
Debug (42,0) add
Debug (43,0) greater
Debug (44,0) not
Debug (45,0) pointer DPRight
Debug Max collisions reached (8). Terminating.
