Debug Actual codel length: 1
Debug (1,0) push 1
Debug (4,0) duplicate
Debug (5,0) push 1
Debug (6,0) push 11
Debug (7,0) multiply
Debug (8,0) push 4
Debug (9,0) add
Debug (10,0) mod
Debug (11,0) not
Debug (12,0) pointer DPRight
Debug (15,0) duplicate
Debug (16,0) push 3
Debug (17,0) mod
Debug (18,0) not
Debug (19,0) pointer DPRight
Debug (22,0) duplicate
Debug (23,0) push 5
Debug (24,0) mod
Debug (25,0) not
Debug (26,0) pointer DPRight
Debug (29,0) duplicate
Debug (30,0) out_number
Debug (31,0) push 10
Debug (32,0) out_char
Debug (35,0) push 1
Debug (36,0) add
Debug (37,0) duplicate
Debug (38,0) push 1
Debug (39,0) push 11
Debug (40,0) multiply
Debug (41,0) push 5
Debug (42,0) add
Debug (43,0) greater
Debug (44,0) not
Debug (45,0) pointer DPRight
Debug (4,0) duplicate
Debug (5,0) push 1
Debug (6,0) push 11
Debug (7,0) multiply
Debug (8,0) push 4
Debug (9,0) add
Debug (10,0) mod
Debug (11,0) not
Debug (12,0) pointer DPRight
Debug (15,0) duplicate
Debug (16,0) push 3
Debug (17,0) mod
Debug (18,0) not
Debug (19,0) pointer DPRight
Debug (22,0) duplicate
Debug (23,0) push 5
Debug (24,0) mod
Debug (25,0) not
Debug (26,0) pointer DPRight
Debug (29,0) duplicate
Debug (30,0) out_number
Debug (31,0) push 10
Debug (32,0) out_char
Debug (35,0) push 1
Debug (36,0) add
Debug (37,0) duplicate
Debug (38,0) push 1
Debug (39,0) push 11
Debug (40,0) multiply
Debug (41,0) push 5
Debug (42,0) add
Debug (43,0) greater
Debug (44,0) not
Debug (45,0) pointer DPRight
Debug (4,0) duplicate
Debug (5,0) push 1
Debug (6,0) push 11
Debug (7,0) multiply
Debug (8,0) push 4
Debug (9,0) add
Debug (10,0) mod
Debug (11,0) not
Debug (12,0) pointer DPRight
Debug (15,0) duplicate
Debug (16,0) push 3
Debug (17,0) mod
Debug (18,0) not
Debug (19,0) pointer DPRight
Debug (22,0) duplicate
Debug (23,0) push 5
Debug (24,0) mod
Debug (25,0) not
Debug (26,0) pointer DPRight
Debug (29,0) duplicate
Debug (30,0) out_number
Debug (31,0) push 10
Debug (32,0) out_char
Debug (35,0) push 1
Debug (36,0) add
Debug (37,0) duplicate
Debug (38,0) push 1
Debug (39,0) push 11
Debug (40,0) multiply
Debug (41,0) push 5
Debug (42,0) add
Debug (43,0) greater
Debug (44,0) not
Debug (45,0) pointer DPRight
Debug (4,0) duplicate
Debug (5,0) push 1
Debug (6,0) push 11
Debug (7,0) multiply
Debug (8,0) push 4
Debug (9,0) add
Debug (10,0) mod
Debug (11,0) not
Debug (12,0) pointer DPRight
Debug (15,0) duplicate
Debug (16,0) push 3
Debug (17,0) mod
Debug (18,0) not
Debug (19,0) pointer DPRight
Debug (22,0) duplicate
Debug (23,0) push 5
Debug (24,0) mod
Debug (25,0) not
Debug (26,0) pointer DPRight
Debug (29,0) duplicate
Debug (30,0) out_number
Debug (31,0) push 10
Debug (32,0) out_char
Debug (35,0) push 1
Debug (36,0) add
Debug (37,0) duplicate
Debug (38,0) push 1
Debug (39,0) push 11
Debug (40,0) multiply
Debug (41,0) push 5
Debug (42,0) add
Debug (43,0) greater
Debug (44,0) not
Debug (45,0) pointer DPRight
Debug (4,0) duplicate
Debug (5,0) push 1
Debug (6,0) push 11
Debug (7,0) multiply
Debug (8,0) push 4
Debug (9,0) add
Debug (10,0) mod
Debug (11,0) not
Debug (12,0) pointer DPRight
Debug (15,0) duplicate
Debug (16,0) push 3
Debug (17,0) mod
Debug (18,0) not
Debug (19,0) pointer DPRight
Debug (22,0) duplicate
Debug (23,0) push 5
Debug (24,0) mod
Debug (25,0) not
Debug (26,0) pointer DPRight
Debug (41,28) push 11
Debug (41,29) push 11
Debug (41,30) multiply
Debug (41,31) push 1
Debug (41,32) add
Debug (41,33) push 11
Debug (41,34) push 11
Debug (41,35) multiply
Debug (41,36) push 1
Debug (41,37) add
Debug (41,38) push 10
Debug (41,39) push 11
Debug (41,40) multiply
Debug (41,41) push 7
Debug (41,42) add
Debug (41,43) push 6
Debug (41,44) push 11
Debug (41,45) multiply
Debug (41,46) push 4
Debug (41,47) duplicate
Debug (41,50) not
Debug (41,51) pointer DPDown
Debug (41,54) push 2
Debug (41,55) push 1
Debug (41,56) roll
Debug (41,57) out_char
Debug (41,58) push 1
Debug (41,59) subtract
Debug (41,60) push 1
Debug (41,61) pointer DPDown
Debug (40,61) duplicate
Debug (41,50) not
Debug (41,51) pointer DPDown
Debug (41,54) push 2
Debug (41,55) push 1
Debug (41,56) roll
Debug (41,57) out_char
Debug (41,58) push 1
Debug (41,59) subtract
Debug (41,60) push 1
Debug (41,61) pointer DPDown
Debug (40,61) duplicate
Debug (41,50) not
Debug (41,51) pointer DPDown
Debug (41,54) push 2
Debug (41,55) push 1
Debug (41,56) roll
Debug (41,57) out_char
Debug (41,58) push 1
Debug (41,59) subtract
Debug (41,60) push 1
Debug (41,61) pointer DPDown
Debug (40,61) duplicate
Debug (41,50) not
Debug (41,51) pointer DPDown
Debug (41,54) push 2
Debug (41,55) push 1
Debug (41,56) roll
Debug (41,57) out_char
Debug (41,58) push 1
Debug (41,59) subtract
Debug (41,60) push 1
Debug (41,61) pointer DPDown
Debug (40,61) duplicate
Debug (41,50) not
Debug (41,51) pointer DPDown
Debug (40,51) pop
Debug (33,51) push 3
Debug (29,51) pointer DPLeft
Debug Max collisions reached (8). Terminating.
